// Jest Snapshot v1, https://goo.gl/fbAQLP

exports[`Typography 1`] = `
<Text
  style={
    Array [
      Object {
        "color": "#000",
        "fontSize": 24,
        "fontWeight": "200",
        "textTransform": "uppercase",
      },
    ]
  }
>
  Typography
</Text>
`;
